- contents: null
  name: init.arguments
  type: file
- name: init.sh
  type: link
- contents: bcommhgl
  name: init.standard-error
  type: file
- contents: gldkchji
  name: init.standard-input
  type: file
- contents: coohcjcp
  name: init.standard-output
  type: file
- contents: 0
  name: init.status
  type: file
- contents: null
  name: lock
  type: file
- name: post.sh
  type: link
- name: release.sh
  type: link
- contents: ihlageik
  name: release.standard-error
  type: file
- contents: ecpdalga
  name: release.standard-output
  type: file
- contents: 0
  name: release.status
  type: file
- contents:
    init:
      temporary-array: temporary/false/joccoaii/true/gldkchji/null/coohcjcp/bcommhgl/0/lambda/ecpdalga/ihlageik/0/slow
      standard-output: coohcjcp
      standard-error: bcommhgl
      standard-status: 0
      has_standard_input: true
      standard_input: gldkchji
      arguments: null
    paste: 163fdfd5
    release:
      temporary-array: temporary/false/joccoaii/true/gldkchji/null/coohcjcp/bcommhgl/0/lambda/ecpdalga/ihlageik/0/slow
      standard-output: ecpdalga
      standard-error: ihlageik
      standard-status: 0
  name: target
  type: file
- name: teardown-asynch.sh
  type: link
- name: teardown-synch.sh
  type: link
- contents: temporary/false/joccoaii/true/gldkchji/null/coohcjcp/bcommhgl/0/lambda/ecpdalga/ihlageik/0/slow
  name: temporary
  type: file
