- content: '03153142'
  name: arguments
  type: file
  foobar: fsdgsdfgdf
