- contents: wrong7
  name: init.arguments
  type: file
