- contents: '03153142'
  name: init.arguments
  type: file
- name: init.sh
  type: link
- contents: '25735318'
  name: init.standard-error
  type: file
- contents: 71cd7675
  name: init.standard-output
  type: file
- contents: '0'
  name: init.status
  type: file
- contents: null
  name: lock.teardown
  type: file
- name: post.sh
  type: link
- name: release.sh
  type: link
- contents: '03153142'
  name: release.arguments
  type: file
- contents: 8b03ad62
  name: release.standard-error
  type: file
- contents: '89825829'
  name: release.standard-output
  type: file
- contents: '0'
  name: release.status
  type: file
