- name: init.arguments
  type: file
  contents: 841314
- name: init.sh
  type: link
- name: init.standard-error
  type: file
  contents: 25735318
- name: init.standard-input
  type: file
  contents: a4489178
- name: init.standard-output
  type: file
  contents: 71cd7675
- name: init.status
  type: file
  contents: 0
- name: lock.teardown
  type: file
  contents: null
- name: post.sh
  type: link
- name: release.sh
  type: link
- name: release.standard-error
  type: file
  contents: 8b03ad62
- name: release.standard-output
  type: file
  contents: 89825829
- name: release.status
  type: file
  contents: 0
- name: target
  type: file
  contents:
    init:
      name: temporary/0/03153142/a4489178/ff346f9f
      has_standard_input: true
      standard_input: a4489178
      arguments: 841314
      typeof: lambda
      standard_output: 71cd7675
      standard_error: 25735318
      status: 0
      speed: slow
      tokens:
        temporary:
          arguments: 59e4f3f3
          standard_input: c7b27316
          pastes:
            - e648d700
            - 629a5a2e
          measurements:
            - - - util/token--
                - util/token--
              - - util/token--59e4f3f3
                - util/token--59e4f3f3
              - - util/token--
                - util/token--
              - - util/token--
                - util/token--
            - - - util/token--e648d700
                - util/token--
              - - util/token--59e4f3f3e648d700
                - util/token--59e4f3f3
              - - util/token--e648d700
                - util/token--
              - - util/token--e648d700
                - util/token--
            - - - util/token--e648d700
                - util/token--
              - - util/token--59e4f3f3e648d700
                - util/token--59e4f3f3629a5a2e
              - - util/token--e648d700
                - util/token--629a5a2e
              - - util/token--e648d700
                - util/token--629a5a2e
    paste: 5eb7b8c3
    release:
      name: temporary/0/03153142/a4489178/ff346f9f
      has_standard_input: true
      standard_input: null
      arguments: null
      typeof: lambda
      standard_output: 89825829
      standard_error: 8b03ad62
      speed: slow
      status: 0
      token_arguments: 6d8b055a
      token_standard_input: 1.7976931348623157e+308
- name: teardown-asynch.sh
  type: link
- name: teardown-synch.sh
  type: link
- name: temporary
  type: file
  contents: temporary/0/03153142/a4489178/ff346f9f
