- contents: 3d79ab33
  name: init.arguments
  type: file
- name: init.sh
  type: link
- contents: edfbc53c
  name: init.standard-error
  type: file
- contents: 684d1793
  name: init.standard-output
  type: file
- contents: 0
  name: init.status
  type: file
- contents: null
  name: lock.teardown
  type: file
- name: post.sh
  type: link
- name: release.sh
  type: link
- contents: b411a4d1
  name: release.standard-error
  type: file
- contents: aebb9c81
  name: release.standard-output
  type: file
- contents: 15
  name: release.status
  type: file
- contents:
    init:
      name: temporary/0/3d79ab33/_/81ed2509
      has_standard_input: false
      standard_input: null
      arguments: 3d79ab33
      typeof: lambda
      standard_output: 684d1793
      standard_error: edfbc53c
      status: 0
      speed: slow
      tokens:
        temporary:
          arguments: b7965d07
          standard_input: bf03b361
          pastes:
            - 5b738034
            - 0f65385b
          measurements:
            - - - util/token--
                - util/token--
              - - util/token--b7965d07
                - util/token--b7965d07
              - - util/token-bf03b361-
                - util/token-bf03b361-
              - - util/token-bf03b361-b7965d07
                - util/token-bf03b361-b7965d07
              - - util/token-f5d9afecdaee3a14db750d4ede07d2d20f5d2a2f65d2f354069391728f58371270e236c8054958603fdec24965b7d5e9dc4a05b62e5a373e8021e3cc90f64788-
                - util/token-f5d9afecdaee3a14db750d4ede07d2d20f5d2a2f65d2f354069391728f58371270e236c8054958603fdec24965b7d5e9dc4a05b62e5a373e8021e3cc90f64788-
              - - util/token-f5d9afecdaee3a14db750d4ede07d2d20f5d2a2f65d2f354069391728f58371270e236c8054958603fdec24965b7d5e9dc4a05b62e5a373e8021e3cc90f64788-b7965d07
                - util/token-f5d9afecdaee3a14db750d4ede07d2d20f5d2a2f65d2f354069391728f58371270e236c8054958603fdec24965b7d5e9dc4a05b62e5a373e8021e3cc90f64788-b7965d07
            - - - util/token--5b738034
                - util/token--
              - - util/token--b7965d075b738034
                - util/token--b7965d07
              - - util/token-bf03b361-5b738034
                - util/token-bf03b361-
              - - util/token-bf03b361-b7965d075b738034
                - util/token-bf03b361-b7965d07
              - - util/token-f5d9afecdaee3a14db750d4ede07d2d20f5d2a2f65d2f354069391728f58371270e236c8054958603fdec24965b7d5e9dc4a05b62e5a373e8021e3cc90f64788-5b738034
                - util/token-f5d9afecdaee3a14db750d4ede07d2d20f5d2a2f65d2f354069391728f58371270e236c8054958603fdec24965b7d5e9dc4a05b62e5a373e8021e3cc90f64788-
              - - util/token-f5d9afecdaee3a14db750d4ede07d2d20f5d2a2f65d2f354069391728f58371270e236c8054958603fdec24965b7d5e9dc4a05b62e5a373e8021e3cc90f64788-b7965d075b738034
                - util/token-f5d9afecdaee3a14db750d4ede07d2d20f5d2a2f65d2f354069391728f58371270e236c8054958603fdec24965b7d5e9dc4a05b62e5a373e8021e3cc90f64788-b7965d07
            - - - util/token--5b738034
                - util/token--5b738034
              - - util/token--b7965d075b738034
                - util/token--b7965d075b738034
              - - util/token-bf03b361-5b738034
                - util/token-bf03b361-5b738034
              - - util/token-bf03b361-b7965d075b738034
                - util/token-bf03b361-b7965d075b738034
              - - util/token-f5d9afecdaee3a14db750d4ede07d2d20f5d2a2f65d2f354069391728f58371270e236c8054958603fdec24965b7d5e9dc4a05b62e5a373e8021e3cc90f64788-5b738034
                - util/token-f5d9afecdaee3a14db750d4ede07d2d20f5d2a2f65d2f354069391728f58371270e236c8054958603fdec24965b7d5e9dc4a05b62e5a373e8021e3cc90f64788-5b738034
              - - util/token-f5d9afecdaee3a14db750d4ede07d2d20f5d2a2f65d2f354069391728f58371270e236c8054958603fdec24965b7d5e9dc4a05b62e5a373e8021e3cc90f64788-b7965d075b738034
                - util/token-f5d9afecdaee3a14db750d4ede07d2d20f5d2a2f65d2f354069391728f58371270e236c8054958603fdec24965b7d5e9dc4a05b62e5a373e8021e3cc90f64788-b7965d075b738034
    paste: e1d38ac0
    release:
      name: temporary/0/3d79ab33/_/81ed2509
      has_standard_input: true
      standard_input: null
      arguments: null
      typeof: lambda
      standard_output: aebb9c81
      standard_error: b411a4d1
      speed: slow
      status: 15
      tokens:
        temporary:
          arguments: 89f2ec3a
          standard_input: dfef5fa8
          pastes:
            - 7b559cdd
            - 5893160a
          measurements:
            - - - util/token--
                - util/token--
              - - util/token--89f2ec3a
                - util/token--89f2ec3a
              - - util/token-dfef5fa8-
                - util/token-dfef5fa8-
              - - util/token-dfef5fa8-89f2ec3a
                - util/token-dfef5fa8-89f2ec3a
              - - util/token-11cc79ac722bf72a346a2f3c3d30c80263d6049655a11949e1266f1c9757ededd16a1cfc65261ca986de0bcc4506f10ab9cac5ec09f7faae7c70b27054bbb21f-
                - util/token-11cc79ac722bf72a346a2f3c3d30c80263d6049655a11949e1266f1c9757ededd16a1cfc65261ca986de0bcc4506f10ab9cac5ec09f7faae7c70b27054bbb21f-
              - - util/token-11cc79ac722bf72a346a2f3c3d30c80263d6049655a11949e1266f1c9757ededd16a1cfc65261ca986de0bcc4506f10ab9cac5ec09f7faae7c70b27054bbb21f-89f2ec3a
                - util/token-11cc79ac722bf72a346a2f3c3d30c80263d6049655a11949e1266f1c9757ededd16a1cfc65261ca986de0bcc4506f10ab9cac5ec09f7faae7c70b27054bbb21f-89f2ec3a
            - - - util/token--7b559cdd
                - util/token--
              - - util/token--89f2ec3a7b559cdd
                - util/token--89f2ec3a
              - - util/token-dfef5fa8-7b559cdd
                - util/token-dfef5fa8-
              - - util/token-dfef5fa8-89f2ec3a7b559cdd
                - util/token-dfef5fa8-89f2ec3a
              - - util/token-11cc79ac722bf72a346a2f3c3d30c80263d6049655a11949e1266f1c9757ededd16a1cfc65261ca986de0bcc4506f10ab9cac5ec09f7faae7c70b27054bbb21f-7b559cdd
                - util/token-11cc79ac722bf72a346a2f3c3d30c80263d6049655a11949e1266f1c9757ededd16a1cfc65261ca986de0bcc4506f10ab9cac5ec09f7faae7c70b27054bbb21f-
              - - util/token-11cc79ac722bf72a346a2f3c3d30c80263d6049655a11949e1266f1c9757ededd16a1cfc65261ca986de0bcc4506f10ab9cac5ec09f7faae7c70b27054bbb21f-89f2ec3a7b559cdd
                - util/token-11cc79ac722bf72a346a2f3c3d30c80263d6049655a11949e1266f1c9757ededd16a1cfc65261ca986de0bcc4506f10ab9cac5ec09f7faae7c70b27054bbb21f-89f2ec3a
            - - - util/token--7b559cdd
                - util/token--7b559cdd
              - - util/token--89f2ec3a7b559cdd
                - util/token--89f2ec3a7b559cdd
              - - util/token-dfef5fa8-7b559cdd
                - util/token-dfef5fa8-7b559cdd
              - - util/token-dfef5fa8-89f2ec3a7b559cdd
                - util/token-dfef5fa8-89f2ec3a7b559cdd
              - - util/token-11cc79ac722bf72a346a2f3c3d30c80263d6049655a11949e1266f1c9757ededd16a1cfc65261ca986de0bcc4506f10ab9cac5ec09f7faae7c70b27054bbb21f-7b559cdd
                - util/token-11cc79ac722bf72a346a2f3c3d30c80263d6049655a11949e1266f1c9757ededd16a1cfc65261ca986de0bcc4506f10ab9cac5ec09f7faae7c70b27054bbb21f-7b559cdd
              - - util/token-11cc79ac722bf72a346a2f3c3d30c80263d6049655a11949e1266f1c9757ededd16a1cfc65261ca986de0bcc4506f10ab9cac5ec09f7faae7c70b27054bbb21f-89f2ec3a7b559cdd
                - util/token-11cc79ac722bf72a346a2f3c3d30c80263d6049655a11949e1266f1c9757ededd16a1cfc65261ca986de0bcc4506f10ab9cac5ec09f7faae7c70b27054bbb21f-89f2ec3a7b559cdd
  name: target
  type: file
- name: teardown-asynch.sh
  type: link
- name: teardown-synch.sh
  type: link
- contents: temporary/0/3d79ab33/_/81ed2509
  name: temporary
  type: file
