- contents: 20e3e4e5
  name: init.arguments
  type: file
- name: init.sh
  type: link
- contents: f884fe60
  name: init.standard-error
  type: file
- contents: 3c01ec9b
  name: init.standard-output
  type: file
- contents: 1
  name: init.status
  type: file
- contents: null
  name: lock.teardown
  type: file
- name: post.sh
  type: link
- name: release.sh
  type: link
- contents: 20e3e4e5
  name: release.arguments
  type: file
- contents: 5744901b
  name: release.standard-error
  type: file
- contents: c3b14e8b
  name: release.standard-output
  type: file
- contents: 0
  name: release.status
  type: file
