- contents: a446579b
  name: init.arguments
  type: file
- name: init.sh
  type: link
- contents: be3478ba
  name: init.standard-error
  type: file
- contents: aa2a16ce
  name: init.standard-input
  type: file
- contents: bfee35cf
  name: init.standard-output
  type: file
- contents: 0
  name: init.status
  type: file
- contents: null
  name: lock.teardown
  type: file
- name: post.sh
  type: link
- name: release.sh
  type: link
- contents: 83177a13
  name: release.standard-error
  type: file
- contents: da9d4568
  name: release.standard-output
  type: file
- contents: 15
  name: release.status
  type: file
- contents:
    init:
      name: temporary/0/a446579b/aa2a16ce/e88146a8
      has_standard_input: true
      standard_input: aa2a16ce
      arguments: a446579b
      typeof: lambda
      standard_output: bfee35cf
      standard_error: be3478ba
      status: 0
      speed: slow
      tokens:
        temporary:
          arguments: 87a140b3
          standard_input: cbe886a5
          pastes:
            - c6830ce1
            - 4e1d97af
          measurements:
            - - - util/token--
                - util/token--
              - - util/token--87a140b3
                - util/token--87a140b3
              - - util/token-cbe886a5-
                - util/token-cbe886a5-
              - - util/token-cbe886a5-87a140b3
                - util/token-cbe886a5-87a140b3
              - - util/token-0cea21ee872d21933dd319dcf74d0d093e2352ae28f7ee4230378c8a783faaf275ceae6bc58cb6cd6bb087b39936fe5699c837d3afa6988a617818843994b09b-
                - util/token-0cea21ee872d21933dd319dcf74d0d093e2352ae28f7ee4230378c8a783faaf275ceae6bc58cb6cd6bb087b39936fe5699c837d3afa6988a617818843994b09b-
              - - util/token-0cea21ee872d21933dd319dcf74d0d093e2352ae28f7ee4230378c8a783faaf275ceae6bc58cb6cd6bb087b39936fe5699c837d3afa6988a617818843994b09b-87a140b3
                - util/token-0cea21ee872d21933dd319dcf74d0d093e2352ae28f7ee4230378c8a783faaf275ceae6bc58cb6cd6bb087b39936fe5699c837d3afa6988a617818843994b09b-87a140b3
            - - - util/token--c6830ce1
                - util/token--
              - - util/token--87a140b3c6830ce1
                - util/token--87a140b3
              - - util/token-cbe886a5-c6830ce1
                - util/token-cbe886a5-
              - - util/token-cbe886a5-87a140b3c6830ce1
                - util/token-cbe886a5-87a140b3
              - - util/token-0cea21ee872d21933dd319dcf74d0d093e2352ae28f7ee4230378c8a783faaf275ceae6bc58cb6cd6bb087b39936fe5699c837d3afa6988a617818843994b09b-c6830ce1
                - util/token-0cea21ee872d21933dd319dcf74d0d093e2352ae28f7ee4230378c8a783faaf275ceae6bc58cb6cd6bb087b39936fe5699c837d3afa6988a617818843994b09b-
              - - util/token-0cea21ee872d21933dd319dcf74d0d093e2352ae28f7ee4230378c8a783faaf275ceae6bc58cb6cd6bb087b39936fe5699c837d3afa6988a617818843994b09b-87a140b3c6830ce1
                - util/token-0cea21ee872d21933dd319dcf74d0d093e2352ae28f7ee4230378c8a783faaf275ceae6bc58cb6cd6bb087b39936fe5699c837d3afa6988a617818843994b09b-87a140b3
            - - - util/token--c6830ce1
                - util/token--c6830ce1
              - - util/token--87a140b3c6830ce1
                - util/token--87a140b3c6830ce1
              - - util/token-cbe886a5-c6830ce1
                - util/token-cbe886a5-c6830ce1
              - - util/token-cbe886a5-87a140b3c6830ce1
                - util/token-cbe886a5-87a140b3c6830ce1
              - - util/token-0cea21ee872d21933dd319dcf74d0d093e2352ae28f7ee4230378c8a783faaf275ceae6bc58cb6cd6bb087b39936fe5699c837d3afa6988a617818843994b09b-c6830ce1
                - util/token-0cea21ee872d21933dd319dcf74d0d093e2352ae28f7ee4230378c8a783faaf275ceae6bc58cb6cd6bb087b39936fe5699c837d3afa6988a617818843994b09b-c6830ce1
              - - util/token-0cea21ee872d21933dd319dcf74d0d093e2352ae28f7ee4230378c8a783faaf275ceae6bc58cb6cd6bb087b39936fe5699c837d3afa6988a617818843994b09b-87a140b3c6830ce1
                - util/token-0cea21ee872d21933dd319dcf74d0d093e2352ae28f7ee4230378c8a783faaf275ceae6bc58cb6cd6bb087b39936fe5699c837d3afa6988a617818843994b09b-87a140b3c6830ce1
    paste: 7865c88e
    release:
      name: temporary/0/a446579b/aa2a16ce/e88146a8
      has_standard_input: true
      standard_input: null
      arguments: null
      typeof: lambda
      standard_output: da9d4568
      standard_error: 83177a13
      speed: slow
      status: 15
      tokens:
        temporary:
          arguments: 02e3d343
          standard_input: 62971078
          pastes:
            - 4ad42e1f
            - 38968af4
          measurements:
            - - - util/token--
                - util/token--
              - - util/token--02e3d343
                - util/token--02e3d343
              - - util/token-62971078-
                - util/token-62971078-
              - - util/token-62971078-02e3d343
                - util/token-62971078-02e3d343
              - - util/token-67e4b506328f0cf7dfff51258cc77abde0a0c7b9c34c2238c6e43a0995c087bc1bbdf1f66c0ebf1909959b9cfacd0512b213d0b93cc3c30aad99f5fb1c116b58-
                - util/token-67e4b506328f0cf7dfff51258cc77abde0a0c7b9c34c2238c6e43a0995c087bc1bbdf1f66c0ebf1909959b9cfacd0512b213d0b93cc3c30aad99f5fb1c116b58-
              - - util/token-67e4b506328f0cf7dfff51258cc77abde0a0c7b9c34c2238c6e43a0995c087bc1bbdf1f66c0ebf1909959b9cfacd0512b213d0b93cc3c30aad99f5fb1c116b58-02e3d343
                - util/token-67e4b506328f0cf7dfff51258cc77abde0a0c7b9c34c2238c6e43a0995c087bc1bbdf1f66c0ebf1909959b9cfacd0512b213d0b93cc3c30aad99f5fb1c116b58-02e3d343
            - - - util/token--4ad42e1f
                - util/token--
              - - util/token--02e3d3434ad42e1f
                - util/token--02e3d343
              - - util/token-62971078-4ad42e1f
                - util/token-62971078-
              - - util/token-62971078-02e3d3434ad42e1f
                - util/token-62971078-02e3d343
              - - util/token-67e4b506328f0cf7dfff51258cc77abde0a0c7b9c34c2238c6e43a0995c087bc1bbdf1f66c0ebf1909959b9cfacd0512b213d0b93cc3c30aad99f5fb1c116b58-4ad42e1f
                - util/token-67e4b506328f0cf7dfff51258cc77abde0a0c7b9c34c2238c6e43a0995c087bc1bbdf1f66c0ebf1909959b9cfacd0512b213d0b93cc3c30aad99f5fb1c116b58-
              - - util/token-67e4b506328f0cf7dfff51258cc77abde0a0c7b9c34c2238c6e43a0995c087bc1bbdf1f66c0ebf1909959b9cfacd0512b213d0b93cc3c30aad99f5fb1c116b58-02e3d3434ad42e1f
                - util/token-67e4b506328f0cf7dfff51258cc77abde0a0c7b9c34c2238c6e43a0995c087bc1bbdf1f66c0ebf1909959b9cfacd0512b213d0b93cc3c30aad99f5fb1c116b58-02e3d343
            - - - util/token--4ad42e1f
                - util/token--4ad42e1f
              - - util/token--02e3d3434ad42e1f
                - util/token--02e3d3434ad42e1f
              - - util/token-62971078-4ad42e1f
                - util/token-62971078-4ad42e1f
              - - util/token-62971078-02e3d3434ad42e1f
                - util/token-62971078-02e3d3434ad42e1f
              - - util/token-67e4b506328f0cf7dfff51258cc77abde0a0c7b9c34c2238c6e43a0995c087bc1bbdf1f66c0ebf1909959b9cfacd0512b213d0b93cc3c30aad99f5fb1c116b58-4ad42e1f
                - util/token-67e4b506328f0cf7dfff51258cc77abde0a0c7b9c34c2238c6e43a0995c087bc1bbdf1f66c0ebf1909959b9cfacd0512b213d0b93cc3c30aad99f5fb1c116b58-4ad42e1f
              - - util/token-67e4b506328f0cf7dfff51258cc77abde0a0c7b9c34c2238c6e43a0995c087bc1bbdf1f66c0ebf1909959b9cfacd0512b213d0b93cc3c30aad99f5fb1c116b58-02e3d3434ad42e1f
                - util/token-67e4b506328f0cf7dfff51258cc77abde0a0c7b9c34c2238c6e43a0995c087bc1bbdf1f66c0ebf1909959b9cfacd0512b213d0b93cc3c30aad99f5fb1c116b58-02e3d3434ad42e1f
  name: target
  type: file
- name: teardown-asynch.sh
  type: link
- name: teardown-synch.sh
  type: link
- contents: temporary/0/a446579b/aa2a16ce/e88146a8
  name: temporary
  type: file
