- contents: 257d5078
  name: init.arguments
  type: file
- name: init.sh
  type: link
