- name: init.arguments
  type: file
  contents: 257d5078
- name: init.sh
  type: link
- name: init.standard-error
  type: file
  contents: 0f27b51f
- name: init.standard-output
  type: file
  contents: fd12b36e
- name: init.status
  type: file
  contents: 0
- name: lock.teardown
  type: file
  contents: null
- name: post.sh
  type: link
- name: release.sh
  type: link
- name: release.standard-error
  type: file
  contents: f228638c
- name: release.standard-output
  type: file
  contents: 853762d9
- name: release.status
  type: file
  contents: 0
- name: target
  type: file
  contents:
    init:
      name: temporary/0/257d5078/_/ebc12aaf
      has_standard_input: false
      standard_input: null
      arguments: 257d5078
      typeof: lambda
      standard_output: fd12b36e
      standard_error: 0f27b51f
      status: 0
      speed: slow
      tokens:
        temporary:
          arguments: 06f1438e
          standard_input: 97d05365
          pastes:
            - c8e54077
            - 762078000000.0
    paste: 08dc653d
    release:
      name: temporary/0/257d5078/_/ebc12aaf
      has_standard_input: true
      standard_input: null
      arguments: null
      typeof: lambda
      standard_output: 853762d9
      standard_error: f228638c
      speed: slow
      status: 0
      token_arguments: 0051af49
      token_standard_input: 6449456d
- name: teardown-asynch.sh
  type: link
- name: teardown-synch.sh
  type: link
- name: temporary
  type: file
  contents: temporary/0/257d5078/_/ebc12aaf
