init_arguments:
  contents: 7793f4bc
  type: file
init_sh:
  type: link
init_standard-error:
  contents: 31b54d85
  type: file
init_standard-input:
  contents: INIT_STANDARD_INPUT
  type: file
init_standard-output:
  contents: 82f18213
  type: file
init_status:
  contents: 0
  type: file
lock_teardown:
  contents: null
  type: file
name:
  contents: 57bd926d
  type: file
post_sh:
  type: link
release_arguments:
  contents: 7793f4bc
  type: file
release_sh:
  type: link
release_standard-error:
  contents: 2b22f38a
  type: file
release_standard-output:
  contents: 544678c7
  type: file
release_status:
  contents: 8
  type: file
teardown-asynch_sh:
  type: link
teardown-synch_sh:
  type: link
