- content: 7793f4bc
  name: arguments
  type: file
