- content: ce7c21e5
  name: arguments
  type: file
