- contents: ce7c21e5
  name: init.arguments
  type: file
- name: init.sh
  type: link
- contents: afac48a7
  name: init.standard-error
  type: file
- contents: INIT_STANDARD_INPUT
  name: init.standard-input
  type: file
- contents: 05d3b4de
  name: init.standard-output
  type: file
- contents: 4
  name: init.status
  type: file
- contents: null
  name: lock.teardown
  type: file
- name: post.sh
  type: link
- name: release.sh
  type: link
- contents: ce7c21e5
  name: release.arguments
  type: file
- contents: 660acbd5
  name: release.standard-error
  type: file
- contents: dd6e0373
  name: release.standard-output
  type: file
- contents: 11
  name: release.status
  type: file
- name: teardown-asynch.sh
  type: link
- name: teardown-synch.sh
  type: link
- contents: cd829e92
  name: name
  value: file
