- contents: dd5e33d0
  name: init.arguments
  type: file
- name: init.sh
  type: link
- contents: 51fe787a
  name: init.standard-error
  type: file
- contents: bee2fe8c
  name: init.standard-output
  type: file
- contents: 0
  name: init.status
  type: file
- contents: null
  name: lock.teardown
  type: file
- name: post.sh
  type: link
- name: release.sh
  type: link
- contents: 65df6574
  name: release.standard-error
  type: file
- contents: 1309eb10
  name: release.standard-output
  type: file
- contents: 0
  name: release.status
  type: file
- contents:
    init:
      name: temporary/0/dd5e33d0/_/fe28b6eb
      has_standard_input: false
      standard_input: null
      arguments: dd5e33d0
      typeof: lambda
      standard_output: bee2fe8c
      standard_error: 51fe787a
      status: 0
      speed: slow
      tokens:
        temporary:
          arguments: ba210bf7
          standard_input: 00aa89e3
          pastes:
            - 0663a14d
            - ae2c17a0
          measurements:
            - - - util/token--
                - util/token--
              - - util/token--ba210bf7
                - util/token--ba210bf7
              - - util/token-00aa89e3-
                - util/token-00aa89e3-
              - - util/token-00aa89e3-ba210bf7
                - util/token-00aa89e3-ba210bf7
              - - util/token-0140bc95f7e116c5003eafdec69912bc0a29bcef3412b5a32da0c82d72433be63422da9930853ad446f8510f9beb6490d18b9bea2419ccf36cfadd7fdbd889c7-
                - util/token-0140bc95f7e116c5003eafdec69912bc0a29bcef3412b5a32da0c82d72433be63422da9930853ad446f8510f9beb6490d18b9bea2419ccf36cfadd7fdbd889c7-
              - - util/token-0140bc95f7e116c5003eafdec69912bc0a29bcef3412b5a32da0c82d72433be63422da9930853ad446f8510f9beb6490d18b9bea2419ccf36cfadd7fdbd889c7-ba210bf7
                - util/token-0140bc95f7e116c5003eafdec69912bc0a29bcef3412b5a32da0c82d72433be63422da9930853ad446f8510f9beb6490d18b9bea2419ccf36cfadd7fdbd889c7-ba210bf7
            - - - util/token--0663a14d
                - util/token--
              - - util/token--ba210bf70663a14d
                - util/token--ba210bf7
              - - util/token-00aa89e3-0663a14d
                - util/token-00aa89e3-
              - - util/token-00aa89e3-ba210bf70663a14d
                - util/token-00aa89e3-ba210bf7
              - - util/token-0140bc95f7e116c5003eafdec69912bc0a29bcef3412b5a32da0c82d72433be63422da9930853ad446f8510f9beb6490d18b9bea2419ccf36cfadd7fdbd889c7-0663a14d
                - util/token-0140bc95f7e116c5003eafdec69912bc0a29bcef3412b5a32da0c82d72433be63422da9930853ad446f8510f9beb6490d18b9bea2419ccf36cfadd7fdbd889c7-
              - - util/token-0140bc95f7e116c5003eafdec69912bc0a29bcef3412b5a32da0c82d72433be63422da9930853ad446f8510f9beb6490d18b9bea2419ccf36cfadd7fdbd889c7-ba210bf70663a14d
                - util/token-0140bc95f7e116c5003eafdec69912bc0a29bcef3412b5a32da0c82d72433be63422da9930853ad446f8510f9beb6490d18b9bea2419ccf36cfadd7fdbd889c7-ba210bf7
            - - - util/token--0663a14d
                - util/token--0663a14d
              - - util/token--ba210bf70663a14d
                - util/token--ba210bf70663a14d
              - - util/token-00aa89e3-0663a14d
                - util/token-00aa89e3-0663a14d
              - - util/token-00aa89e3-ba210bf70663a14d
                - util/token-00aa89e3-ba210bf70663a14d
              - - util/token-0140bc95f7e116c5003eafdec69912bc0a29bcef3412b5a32da0c82d72433be63422da9930853ad446f8510f9beb6490d18b9bea2419ccf36cfadd7fdbd889c7-0663a14d
                - util/token-0140bc95f7e116c5003eafdec69912bc0a29bcef3412b5a32da0c82d72433be63422da9930853ad446f8510f9beb6490d18b9bea2419ccf36cfadd7fdbd889c7-0663a14d
              - - util/token-0140bc95f7e116c5003eafdec69912bc0a29bcef3412b5a32da0c82d72433be63422da9930853ad446f8510f9beb6490d18b9bea2419ccf36cfadd7fdbd889c7-ba210bf70663a14d
                - util/token-0140bc95f7e116c5003eafdec69912bc0a29bcef3412b5a32da0c82d72433be63422da9930853ad446f8510f9beb6490d18b9bea2419ccf36cfadd7fdbd889c7-ba210bf70663a14d
    paste: 7911d64f
    release:
      name: temporary/0/dd5e33d0/_/fe28b6eb
      has_standard_input: true
      standard_input: null
      arguments: null
      typeof: lambda
      standard_output: 1309eb10
      standard_error: 65df6574
      speed: slow
      status: 0
      tokens:
        temporary:
          arguments: 414e9b95
          standard_input: 16078ceb
          pastes:
            - 12b30cc9
            - 96d62d73
          measurements:
            - - - util/token--
                - util/token--
              - - util/token--414e9b95
                - util/token--414e9b95
              - - util/token-16078ceb-
                - util/token-16078ceb-
              - - util/token-16078ceb-414e9b95
                - util/token-16078ceb-414e9b95
              - - util/token-d3906ac8af93dfa301de2e368dcb0848ad59a7a72162684ae85ff9a96d07b7dc94740afeca8d9a85275e6ad88c369655fb6f8358c856c06add2c5d5561984055-
                - util/token-d3906ac8af93dfa301de2e368dcb0848ad59a7a72162684ae85ff9a96d07b7dc94740afeca8d9a85275e6ad88c369655fb6f8358c856c06add2c5d5561984055-
              - - util/token-d3906ac8af93dfa301de2e368dcb0848ad59a7a72162684ae85ff9a96d07b7dc94740afeca8d9a85275e6ad88c369655fb6f8358c856c06add2c5d5561984055-414e9b95
                - util/token-d3906ac8af93dfa301de2e368dcb0848ad59a7a72162684ae85ff9a96d07b7dc94740afeca8d9a85275e6ad88c369655fb6f8358c856c06add2c5d5561984055-414e9b95
            - - - util/token--12b30cc9
                - util/token--
              - - util/token--414e9b9512b30cc9
                - util/token--414e9b95
              - - util/token-16078ceb-12b30cc9
                - util/token-16078ceb-
              - - util/token-16078ceb-414e9b9512b30cc9
                - util/token-16078ceb-414e9b95
              - - util/token-d3906ac8af93dfa301de2e368dcb0848ad59a7a72162684ae85ff9a96d07b7dc94740afeca8d9a85275e6ad88c369655fb6f8358c856c06add2c5d5561984055-12b30cc9
                - util/token-d3906ac8af93dfa301de2e368dcb0848ad59a7a72162684ae85ff9a96d07b7dc94740afeca8d9a85275e6ad88c369655fb6f8358c856c06add2c5d5561984055-
              - - util/token-d3906ac8af93dfa301de2e368dcb0848ad59a7a72162684ae85ff9a96d07b7dc94740afeca8d9a85275e6ad88c369655fb6f8358c856c06add2c5d5561984055-414e9b9512b30cc9
                - util/token-d3906ac8af93dfa301de2e368dcb0848ad59a7a72162684ae85ff9a96d07b7dc94740afeca8d9a85275e6ad88c369655fb6f8358c856c06add2c5d5561984055-414e9b95
            - - - util/token--12b30cc9
                - util/token--12b30cc9
              - - util/token--414e9b9512b30cc9
                - util/token--414e9b9512b30cc9
              - - util/token-16078ceb-12b30cc9
                - util/token-16078ceb-12b30cc9
              - - util/token-16078ceb-414e9b9512b30cc9
                - util/token-16078ceb-414e9b9512b30cc9
              - - util/token-d3906ac8af93dfa301de2e368dcb0848ad59a7a72162684ae85ff9a96d07b7dc94740afeca8d9a85275e6ad88c369655fb6f8358c856c06add2c5d5561984055-12b30cc9
                - util/token-d3906ac8af93dfa301de2e368dcb0848ad59a7a72162684ae85ff9a96d07b7dc94740afeca8d9a85275e6ad88c369655fb6f8358c856c06add2c5d5561984055-12b30cc9
              - - util/token-d3906ac8af93dfa301de2e368dcb0848ad59a7a72162684ae85ff9a96d07b7dc94740afeca8d9a85275e6ad88c369655fb6f8358c856c06add2c5d5561984055-414e9b9512b30cc9
                - util/token-d3906ac8af93dfa301de2e368dcb0848ad59a7a72162684ae85ff9a96d07b7dc94740afeca8d9a85275e6ad88c369655fb6f8358c856c06add2c5d5561984055-414e9b9512b30cc9
  name: target
  type: file
- name: teardown-asynch.sh
  type: link
- name: teardown-synch.sh
  type: link
- contents: temporary/0/dd5e33d0/_/fe28b6eb
  name: temporary
  type: file
