- name: init.arguments
  type: file
  contents:
    bcihedal
- name: init.sh
  type: link
- name: init.standard-error
  type: file
  contents:
    mffklbbc
- name: init.standard-input
  type: file
  contents:
- name: init.standard-output
  type: file
  contents:
    clbbklhb
- name: init.status
  type: file
  contents:
    0
- name: lock.teardown
  type: file
  contents:
- name: post.sh
  type: link
- name: release.sh
  type: link
- name: release.standard-error
  type: file
  contents:
    ehkfnmbh
- name: release.standard-output
  type: file
  contents:
    blcfogmi
- name: release.status
  type: file
  contents:
    0
- name: target
  type: file
  contents:
    init:
      name: temporary/0/bcihedal/_/embopfck
      has_standard_input: true
      standard_input: 
      arguments: bcihedal
      typeof: lambda
      standard_output: clbbklhb
      standard_error: mffklbbc
      status: 0
      speed: slow
      token_arguments: paogbepc
      token_standard_input: keomnncp
    paste: b7a83468
    release:
      name: temporary/0/bcihedal/_/embopfck
      has_standard_input: true
      standard_input: 
      arguments: 
      typeof: lambda
      standard_output: blcfogmi
      standard_error: ehkfnmbh
      speed: slow
      status: 0
      token_arguments: hmbimnhl
      token_standard_input: labkdban
- name: teardown-asynch.sh
  type: link
- name: teardown-synch.sh
  type: link
- name: temporary
  type: file
  contents:
    temporary/0/bcihedal/_/embopfck
