- content: 6aed210f
  name: arguments
  type: file
  foobar: fsdgsdfgdf
