- contents: 98a06ee5
  name: init.arguments
  type: file
