- contents: 20e3e4e5
  name: init.arguments
  type: file
- name: init.sh
  type: link
- contents: f884fe60
  name: init.standard-error
  type: file
- contents: env(STANDARD_OUTPUT)
  name: init.standard-output
  type: file
- contents: e82a781a
  name: init.status
  type: file
