- contents: 20e3e4e5
  name: init.arguments
  type: file
- name: init.sh
  type: link
- contents: f884fe60
  name: init.standard-error
  type: file
- contents: INIT_STANDARD_INPUT
  name: init.standard-input
  type: file
- contents: 3c01ec9b
  name: init.standard-output
  type: file
- contents: 0
  name: init.status
  type: file
- contents: null
  name: lock.teardown
  type: file
- name: post.sh
  type: link
- name: release.sh
  type: link
- contents: 20e3e4e5
  name: release.arguments
  type: file
- contents: 5744901b
  name: release.standard-error
  type: file
- contents: c3b14e8b
  name: release.standard-output
  type: file
- contents: 15
  name: release.status
  type: file
- name: teardown-asynch.sh
  type: link
- name: teardown-synch.sh
  type: link
- contents: temporary/$INIT_STATUS/$INIT_STAND_INPUT/$ARGUMENTS/$NAME
  name: temporary
  value: file
