- name: init.arguments
  type: file
  contents:
    iigifbmk
- name: init.sh
  type: link
- name: init.standard-error
  type: file
  contents:
    kbdcnfom
- name: init.standard-input
  type: file
  contents:
- name: init.standard-output
  type: file
  contents:
    mkgdllne
- name: init.status
  type: file
  contents:
    250
- name: lock.teardown
  type: file
  contents:
- name: post.sh
  type: link
- name: release.sh
  type: link
- name: release.standard-error
  type: file
  contents:
    hamfhcfp
- name: release.standard-output
  type: file
  contents:
    oiikhdfe
- name: release.status
  type: file
  contents:
    250
- name: target
  type: file
  contents:
    init:
      name: 250/iigifbmk/_/edfhbbca
      has_standard_input: true
      standard_input: 
      arguments: iigifbmk
      typeof: lambda
      standard_output: mkgdllne
      standard_error: kbdcnfom
      status: 250
      speed: slow
      token_arguments: dmacdnnl
      token_standard_input: gebfjdoe
    release:
      name: 250/iigifbmk/_/edfhbbca
      has_standard_input: true
      standard_input: 
      arguments: 
      typeof: lambda
      standard_output: oiikhdfe
      standard_error: hamfhcfp
      speed: slow
      status: 250
      token_arguments: kehoabmd
      token_standard_input: abimdmdo
- name: teardown-asynch.sh
  type: link
- name: teardown-synch.sh
  type: link
- name: temporary
  type: file
  contents:
    250/iigifbmk/_/edfhbbca
