release.out.log
release.err.log
target
release.status.asc
