- content: 405b3de7
  name: arguments
  type: file
  foobar: fsdgsdfgdf
