init:
  arguments:
    contents: 405b3de7
    type: file
  sh:
    type: link
  standard-error:
    contents: 57af7a6c
    type: file
  standard-input:
    contents: INIT_STANDARD_INPUT
    type: file
  standard-output:
    contents: fd438759
    type: file
  status:
    contents: 7
    type: file
lock:
  teardown:
    contents: null
    type: file
name:
  contents: 93060e2e
  type: file
post:
  sh:
    type: link
release:
  arguments:
    contents: 405b3de7
    type: file
  sh:
    type: link
  standard-error:
    contents: ef9d958b
    type: file
  standard-output:
    contents: 8b32f6d4
    type: file
  status:
    contents: 10
    type: file
teardown-asynch:
  sh:
    type: link
teardown-synch:
  sh:
    type: link
