- contents:
    
  name: init.arguments
  type: file
- name: init.sh
  type: link
- contents:
    coohcjcp
  name: init.standard-error
  type: file
- contents:
    jieklaog
  name: init.standard-input
  type: file
- contents:
    
  name: init.standard-output
  type: file
- contents:
    0
  name: init.status
  type: file
- contents:
  name: lock.teardown
  type: file
- name: post.sh
  type: link
- name: release.sh
  type: link
- contents:
    ecpdalga
  name: release.standard-error
  type: file
- contents:
    
  name: release.standard-output
  type: file
- contents:
    101
  name: release.status
  type: file
- contents:
    2940f76a
    release:
      temporary-array: temporary/false/joccoaii/true/jieklaog/lambda/coohcjcp/bcommhgl/0/lambda/ecpdalga/ihlageik/101/slow
      has_standard_input: true
      standard_input: 
      arguments: 
  name: target
  type: file
- name: teardown-asynch.sh
  type: link
- name: teardown-synch.sh
  type: link
- contents:
    temporary/false/joccoaii/true/jieklaog/lambda/coohcjcp/bcommhgl/0/lambda/ecpdalga/ihlageik/101/slow
  name: temporary
  type: file
