init.arguments: |
  ocnfgfeo
init.standard-error: |
  STANDARD_ERROR=mffklbbc
init.standard-input
init.standard-output: |
  STANDARD_OUTPUT=clbbklhb
init.status: |
  0
lock.teardown
release.standard-error: |
  STANDARD_ERROR=ldcddlhp
release.standard-output: |
  STANDARD_OUTPUT=dkcihmei
release.status: |
  0
target: |
  26afb28d
  RELEASE_=true
  RELEASE_NAME=0/ocnfgfeo/_/embopfck
  RELEASE_HAS_STANDARD_INPUT=true
  RELEASE_STANDARD_INPUT=
  RELEASE_ARGUMENTS=
  RELEASE_TYPEOF=lambda
  RELEASE_STANDARD_OUTPUT=dkcihmei
  RELEASE_STANDARD_ERROR=ldcddlhp
  RELEASE_STATUS=0
  RELEASE_TOKEN_ARGUMENTS=hmbimnhl
  RELEASE_TOKEN_STANDARD_INPUT=labkdban
temporary: |
  bdc6a3ee36ba1101872a7772344634fb07cf5dee5e77970db3dee38e697c0c1379d433ea03d0b61975f8d980d3dcc3c6516ff67db042cacf10cb3c27be1faf9b
