init:
  arguments:
    contents: 0bbfd5dd
    type: file
  sh:
    type: link
  standard-error:
    contents: b193568f
    type: file
  standard-input:
    contents: INIT_STANDARD_INPUT
    type: file
  standard-output:
    contents: b84e5649
    type: file
  status:
    contents: 8
    type: file
lock:
  teardown:
    contents: null
    type: file
name:
  contents: 957bc9c8
  type: file
post:
  sh:
    type: link
release:
  arguments:
    contents: 0bbfd5dd
    type: file
  sh:
    type: link
  standard-error:
    contents: 5bd0cf55
    type: file
  standard-output:
    contents: b9dff630
    type: file
  status:
    contents: 0
    type: file
teardown-asynch:
  sh:
    type: link
teardown-synch:
  sh:
    type: link
