- contents: WRONG
  name: init.arguments
  type: file
