[ { content : env(ARGUMENTS) , name : "arguments" , type : "file" } ]