- contents: a3924504
  name: init.arguments
  type: file
- name: init.sh
  type: link
- contents: 2c2f2b12
  name: init.standard-error
  type: file
- contents: f2c17bb3
  name: init.standard-input
  type: file
- contents: e059fc74
  name: init.standard-output
  type: file
- contents: 0
  name: init.status
  type: file
- contents: null
  name: lock.teardown
  type: file
- name: post.sh
  type: link
- name: release.sh
  type: link
- contents: ad6a5382
  name: release.standard-error
  type: file
- contents: 4e4c5d50
  name: release.standard-output
  type: file
- contents: 10
  name: release.status
  type: file
- contents:
    init:
      name: temporary/0/a3924504/f2c17bb3/46a8ab8b
      has_standard_input: true
      standard_input: f2c17bb3
      arguments: a3924504
      typeof: lambda
      standard_output: e059fc74
      standard_error: 2c2f2b12
      status: 0
      speed: slow
      tokens:
        temporary:
          arguments: 52ce3eb8
          standard_input: 8a5c00bb
          pastes:
            - 98b21aae
            - 2982b062
          measurements:
            - - - util/token--
                - util/token--
              - - util/token--52ce3eb8
                - util/token--52ce3eb8
              - - util/token-8a5c00bb-
                - util/token-8a5c00bb-
              - - util/token-8a5c00bb-52ce3eb8
                - util/token-8a5c00bb-52ce3eb8
              - - util/token-0a25cd3f3c1718bf0dfe0a6dcbba35d362c6a8db7c878201412acced948e14b8dd65ae238554d04c7db3fd89e2e294e571ac327df6cef73bd253b0bb448eedf6-
                - util/token-0a25cd3f3c1718bf0dfe0a6dcbba35d362c6a8db7c878201412acced948e14b8dd65ae238554d04c7db3fd89e2e294e571ac327df6cef73bd253b0bb448eedf6-
              - - util/token-0a25cd3f3c1718bf0dfe0a6dcbba35d362c6a8db7c878201412acced948e14b8dd65ae238554d04c7db3fd89e2e294e571ac327df6cef73bd253b0bb448eedf6-52ce3eb8
                - util/token-0a25cd3f3c1718bf0dfe0a6dcbba35d362c6a8db7c878201412acced948e14b8dd65ae238554d04c7db3fd89e2e294e571ac327df6cef73bd253b0bb448eedf6-52ce3eb8
            - - - util/token--98b21aae
                - util/token--
              - - util/token--52ce3eb898b21aae
                - util/token--52ce3eb8
              - - util/token-8a5c00bb-98b21aae
                - util/token-8a5c00bb-
              - - util/token-8a5c00bb-52ce3eb898b21aae
                - util/token-8a5c00bb-52ce3eb8
              - - util/token-0a25cd3f3c1718bf0dfe0a6dcbba35d362c6a8db7c878201412acced948e14b8dd65ae238554d04c7db3fd89e2e294e571ac327df6cef73bd253b0bb448eedf6-98b21aae
                - util/token-0a25cd3f3c1718bf0dfe0a6dcbba35d362c6a8db7c878201412acced948e14b8dd65ae238554d04c7db3fd89e2e294e571ac327df6cef73bd253b0bb448eedf6-
              - - util/token-0a25cd3f3c1718bf0dfe0a6dcbba35d362c6a8db7c878201412acced948e14b8dd65ae238554d04c7db3fd89e2e294e571ac327df6cef73bd253b0bb448eedf6-52ce3eb898b21aae
                - util/token-0a25cd3f3c1718bf0dfe0a6dcbba35d362c6a8db7c878201412acced948e14b8dd65ae238554d04c7db3fd89e2e294e571ac327df6cef73bd253b0bb448eedf6-52ce3eb8
            - - - util/token--98b21aae
                - util/token--98b21aae
              - - util/token--52ce3eb898b21aae
                - util/token--52ce3eb898b21aae
              - - util/token-8a5c00bb-98b21aae
                - util/token-8a5c00bb-98b21aae
              - - util/token-8a5c00bb-52ce3eb898b21aae
                - util/token-8a5c00bb-52ce3eb898b21aae
              - - util/token-0a25cd3f3c1718bf0dfe0a6dcbba35d362c6a8db7c878201412acced948e14b8dd65ae238554d04c7db3fd89e2e294e571ac327df6cef73bd253b0bb448eedf6-98b21aae
                - util/token-0a25cd3f3c1718bf0dfe0a6dcbba35d362c6a8db7c878201412acced948e14b8dd65ae238554d04c7db3fd89e2e294e571ac327df6cef73bd253b0bb448eedf6-98b21aae
              - - util/token-0a25cd3f3c1718bf0dfe0a6dcbba35d362c6a8db7c878201412acced948e14b8dd65ae238554d04c7db3fd89e2e294e571ac327df6cef73bd253b0bb448eedf6-52ce3eb898b21aae
                - util/token-0a25cd3f3c1718bf0dfe0a6dcbba35d362c6a8db7c878201412acced948e14b8dd65ae238554d04c7db3fd89e2e294e571ac327df6cef73bd253b0bb448eedf6-52ce3eb898b21aae
    paste: 4b9d9f80
    release:
      name: temporary/0/a3924504/f2c17bb3/46a8ab8b
      has_standard_input: true
      standard_input: null
      arguments: null
      typeof: lambda
      standard_output: 4e4c5d50
      standard_error: ad6a5382
      speed: slow
      status: 10
      tokens:
        temporary:
          arguments: ba432deb
          standard_input: 6461038d
          pastes:
            - 5f172a5c
            - eb3089fd
          measurements:
            - - - util/token--
                - util/token--
              - - util/token--ba432deb
                - util/token--ba432deb
              - - util/token-6461038d-
                - util/token-6461038d-
              - - util/token-6461038d-ba432deb
                - util/token-6461038d-ba432deb
              - - util/token-ac951cc5175085a2efe98844d5463d8376a168af93028459893d54eada3c563a84abe5e4a427a3f060e647095fbdd9141c466f18bd377474fa163c23d0265a28-
                - util/token-ac951cc5175085a2efe98844d5463d8376a168af93028459893d54eada3c563a84abe5e4a427a3f060e647095fbdd9141c466f18bd377474fa163c23d0265a28-
              - - util/token-ac951cc5175085a2efe98844d5463d8376a168af93028459893d54eada3c563a84abe5e4a427a3f060e647095fbdd9141c466f18bd377474fa163c23d0265a28-ba432deb
                - util/token-ac951cc5175085a2efe98844d5463d8376a168af93028459893d54eada3c563a84abe5e4a427a3f060e647095fbdd9141c466f18bd377474fa163c23d0265a28-ba432deb
            - - - util/token--5f172a5c
                - util/token--
              - - util/token--ba432deb5f172a5c
                - util/token--ba432deb
              - - util/token-6461038d-5f172a5c
                - util/token-6461038d-
              - - util/token-6461038d-ba432deb5f172a5c
                - util/token-6461038d-ba432deb
              - - util/token-ac951cc5175085a2efe98844d5463d8376a168af93028459893d54eada3c563a84abe5e4a427a3f060e647095fbdd9141c466f18bd377474fa163c23d0265a28-5f172a5c
                - util/token-ac951cc5175085a2efe98844d5463d8376a168af93028459893d54eada3c563a84abe5e4a427a3f060e647095fbdd9141c466f18bd377474fa163c23d0265a28-
              - - util/token-ac951cc5175085a2efe98844d5463d8376a168af93028459893d54eada3c563a84abe5e4a427a3f060e647095fbdd9141c466f18bd377474fa163c23d0265a28-ba432deb5f172a5c
                - util/token-ac951cc5175085a2efe98844d5463d8376a168af93028459893d54eada3c563a84abe5e4a427a3f060e647095fbdd9141c466f18bd377474fa163c23d0265a28-ba432deb
            - - - util/token--5f172a5c
                - util/token--5f172a5c
              - - util/token--ba432deb5f172a5c
                - util/token--ba432deb5f172a5c
              - - util/token-6461038d-5f172a5c
                - util/token-6461038d-5f172a5c
              - - util/token-6461038d-ba432deb5f172a5c
                - util/token-6461038d-ba432deb5f172a5c
              - - util/token-ac951cc5175085a2efe98844d5463d8376a168af93028459893d54eada3c563a84abe5e4a427a3f060e647095fbdd9141c466f18bd377474fa163c23d0265a28-5f172a5c
                - util/token-ac951cc5175085a2efe98844d5463d8376a168af93028459893d54eada3c563a84abe5e4a427a3f060e647095fbdd9141c466f18bd377474fa163c23d0265a28-5f172a5c
              - - util/token-ac951cc5175085a2efe98844d5463d8376a168af93028459893d54eada3c563a84abe5e4a427a3f060e647095fbdd9141c466f18bd377474fa163c23d0265a28-ba432deb5f172a5c
                - util/token-ac951cc5175085a2efe98844d5463d8376a168af93028459893d54eada3c563a84abe5e4a427a3f060e647095fbdd9141c466f18bd377474fa163c23d0265a28-ba432deb5f172a5c
  name: target
  type: file
- name: teardown-asynch.sh
  type: link
- name: teardown-synch.sh
  type: link
- contents: temporary/0/a3924504/f2c17bb3/46a8ab8b
  name: temporary
  type: file
