- file:
    name: init.arguments
    contents: -
      eehpgola
- file:
    name: init.standard-error
    contents: -
      STANDARD_ERROR=dkklijjh
- file:
    name: init.standard-input
- file:
    name: init.standard-output
    contents: -
      STANDARD_OUTPUT=nkjbifpm
- file:
    name: init.status
    contents: -
      14
- file:
    name: lock.teardown
- file:
    name: release.standard-error
    contents: -
      STANDARD_ERROR=jbdfnpbi
- file:
    name: release.standard-output
    contents: -
      STANDARD_OUTPUT=ionngilg
- file:
    name: release.status
    contents: -
      14
- file:
    name: target
    contents: -
      INIT_NAME=14/eehpgola/_/dchkngmn
      INIT_HAS_STANDARD_INPUT=true
      INIT_STANDARD_INPUT=
      INIT_ARGUMENTS=eehpgola
      INIT_TYPEOF=lambda
      INIT_STANDARD_OUTPUT=nkjbifpm
      INIT_STANDARD_ERROR=dkklijjh
      INIT_STATUS=14
      INIT_TOKEN_ARGUMENTS=bihjhblm
      INIT_TOKEN_STANDARD_INPUT=kcgddlol
      RELEASE_=true
      RELEASE_NAME=14/eehpgola/_/dchkngmn
      RELEASE_HAS_STANDARD_INPUT=true
      RELEASE_STANDARD_INPUT=
      RELEASE_ARGUMENTS=
      RELEASE_TYPEOF=lambda
      RELEASE_STANDARD_OUTPUT=ionngilg
      RELEASE_STANDARD_ERROR=jbdfnpbi
      RELEASE_STATUS=14
      RELEASE_TOKEN_ARGUMENTS=nhfhgodj
      RELEASE_TOKEN_STANDARD_INPUT=blghaoim
- file:
    name: temporary
    contents: -
      bdc6a3ee36ba1101872a7772344634fb07cf5dee5e77970db3dee38e697c0c1379d433ea03d0b61975f8d980d3dcc3c6516ff67db042cacf10cb3c27be1faf9b
