file:
  name: init.arguments
  name: init.arguments
    adfndlpp
file:
  name: init.standard-error
  name: init.standard-error
    STANDARD_ERROR=fkmiahbh
file:
  name: init.standard-input
  name: init.standard-input
    adfndlpp
file:
  name: init.standard-output
  name: init.standard-output
    STANDARD_OUTPUT=kbnnpbpa
file:
  name: init.status
  name: init.status
    131
file:
  name: lock.teardown
file:
  name: release.standard-error
  name: release.standard-error
    STANDARD_ERROR=aaolmkkh
file:
  name: release.standard-output
  name: release.standard-output
    STANDARD_OUTPUT=afodippe
file:
  name: release.status
  name: release.status
    131
file:
  name: target
  name: target
    INIT_NAME=131/adfndlpp/adfndlpp/fbdhggme
    INIT_HAS_STANDARD_INPUT=true
    INIT_STANDARD_INPUT=
    INIT_ARGUMENTS=adfndlpp
    INIT_TYPEOF=lambda
    INIT_STANDARD_OUTPUT=kbnnpbpa
    INIT_STANDARD_ERROR=fkmiahbh
    INIT_STATUS=131
    INIT_TOKEN_ARGUMENTS=fncgfcnk
    INIT_TOKEN_STANDARD_INPUT=idnplnin
    RELEASE_=true
    RELEASE_NAME=131/adfndlpp/adfndlpp/fbdhggme
    RELEASE_HAS_STANDARD_INPUT=true
    RELEASE_STANDARD_INPUT=
    RELEASE_ARGUMENTS=
    RELEASE_TYPEOF=lambda
    RELEASE_STANDARD_OUTPUT=afodippe
    RELEASE_STANDARD_ERROR=aaolmkkh
    RELEASE_STATUS=131
    RELEASE_TOKEN_ARGUMENTS=pecfodec
    RELEASE_TOKEN_STANDARD_INPUT=kgedbpoa
file:
  name: temporary
  name: temporary
    bdc6a3ee36ba1101872a7772344634fb07cf5dee5e77970db3dee38e697c0c1379d433ea03d0b61975f8d980d3dcc3c6516ff67db042cacf10cb3c27be1faf9b
