- file: normal
  name: init.arguments
  contents: -
    ogfkclhk
- file: normal
  name: init.standard-error
  contents: -
    STANDARD_ERROR=paojibng
- file: normal
  name: init.standard-input
  contents: -
    ogfkclhk
- file: normal
  name: init.standard-output
  contents: -
    STANDARD_OUTPUT=igfpmepo
- file: normal
  name: init.status
  contents: -
    0
- file: normal
  name: lock.teardown
- file: normal
  name: release.standard-error
  contents: -
    STANDARD_ERROR=oldfdkbh
- file: normal
  name: release.standard-output
  contents: -
    STANDARD_OUTPUT=plpijdil
- file: normal
  name: release.status
  contents: -
    0
- file: normal
  name: target
  contents: -
    99d44209
    RELEASE_=true
    RELEASE_NAME=0/ogfkclhk/ogfkclhk/edgeaboa
    RELEASE_HAS_STANDARD_INPUT=true
    RELEASE_STANDARD_INPUT=
    RELEASE_ARGUMENTS=
    RELEASE_TYPEOF=lambda
    RELEASE_STANDARD_OUTPUT=plpijdil
    RELEASE_STANDARD_ERROR=oldfdkbh
    RELEASE_STATUS=0
    RELEASE_TOKEN_ARGUMENTS=hkblpamd
    RELEASE_TOKEN_STANDARD_INPUT=pgkchokj
- file: normal
  name: temporary
  contents: -
    bdc6a3ee36ba1101872a7772344634fb07cf5dee5e77970db3dee38e697c0c1379d433ea03d0b61975f8d980d3dcc3c6516ff67db042cacf10cb3c27be1faf9b
