- contents: 405b3de7
  name: init.arguments
  type: file
- name: init.sh
  type: link
- contents: 57af7a6c
  name: init.standard-error
  type: file
- contents: fd438759
  name: init.standard-output
  type: file
- contents: 0
  name: init.status
  type: file
- contents: null
  name: lock.teardown
  type: file
- name: post.sh
  type: link
- name: release.sh
  type: link
- contents: 405b3de7
  name: release.arguments
  type: file
- contents: ef9d958b
  name: release.standard-error
  type: file
- contents: 8b32f6d4
  name: release.standard-output
  type: file
- contents: 0
  name: release.status
  type: file
