- name: init.arguments
  type: file
  contents:
    kjhckglj
- name: init.sh
  type: link
- name: init.standard-error
  type: file
  contents:
    jfdjaenh
- name: init.standard-input
  type: file
  contents:
    nikhcflm
- name: init.standard-output
  type: file
  contents:
    fncjolmo
- name: init.status
  type: file
  contents:
    0
- name: lock.teardown
  type: file
  contents:
- name: post.sh
  type: link
- name: release.sh
  type: link
- name: release.standard-error
  type: file
  contents:
    adfejjah
- name: release.standard-output
  type: file
  contents:
    neocnphk
- name: release.status
  type: file
  contents:
    0
- name: target
  type: file
  contents:
    init:
      name: 0/kjhckglj/nikhcflm/cajdkpjh
      has_standard_input: true
      standard_input: nikhcflm
      arguments: kjhckglj
      typeof: lambda
      standard_output: fncjolmo
      standard_error: jfdjaenh
      status: 0
     speed: slow
      token_arguments: gjkicofd
      token_standard_input: dheinbef
    paste: e46d14ad
    release:
      name: 0/kjhckglj/nikhcflm/cajdkpjh
      has_standard_input: true
      standard_input: 
      arguments: 
      typeof: lambda
      standard_output: neocnphk
      standard_error: adfejjah
      status: 0
      token_arguments: bejijanf
      token_standard_input: klpindcm
- name: teardown-asynch.sh
  type: link
- name: teardown-synch.sh
  type: link
- name: temporary
  type: file
  contents:
    0/kjhckglj/nikhcflm/cajdkpjh
