- contents: null
  name: init.arguments
  type: file
- name: init.sh
  type: link
- contents: coohcjcp
  name: init.standard-error
  type: file
- contents: gldkchji
  name: init.standard-input
  type: file
- contents: null
  name: init.standard-output
  type: file
- contents: 101
  name: init.status
  type: file
- contents: null
  name: lock.teardown
  type: file
- name: post.sh
  type: link
- name: release.sh
  type: link
- contents: ecpdalga
  name: release.standard-error
  type: file
- contents: null
  name: release.standard-output
  type: file
- contents: 0
  name: release.status
  type: file
- contents:
    init:
      temporary-array: temporary/false/joccoaii/true/gldkchji/null/coohcjcp/bcommhgl/101/null/ecpdalga/ihlageik/0/slow
      has_standard_input: true
      standard_input: null
  name: target
  type: file
- name: teardown-asynch.sh
  type: link
- name: teardown-synch.sh
  type: link
- contents: temporary/false/joccoaii/true/gldkchji/null/coohcjcp/bcommhgl/101/null/ecpdalga/ihlageik/0/slow
  name: temporary
  type: file
