- contents: 7741c395
  name: init.arguments
  type: file
