- contents: 0bbfd5dd
  name: init.arguments
  type: file
- name: init.sh
  type: link
- contents: b193568f
  name: init.standard-error
  type: file
- contents: b193568f
  name: init.standard-output
  type: file
