- name: init.arguments
  type: file
  contents:
    0bbfd5dd
- name: init.sh
  type: link
- name: init.standard-error
  type: file
  contents:
    b193568f
- name: init.standard-input
  type: file
  contents:
    cdb0233e
- name: init.standard-output
  type: file
  contents:
    INIT b84e5649
- name: init.status
  type: file
  contents:
    0
- name: lock.teardown
  type: file
  contents:
- name: post.sh
  type: link
- name: release.sh
  type: link
- name: release.standard-error
  type: file
  contents:
    5bd0cf55
- name: release.standard-output
  type: file
  contents:
    RELEASE b9dff630
- name: release.status
  type: file
  contents:
    0
- name: target
  type: file
  contents:
    init:
      name: temporary/0/0bbfd5dd/cdb0233e/93266152
      has_standard_input: true
      standard_input: cdb0233e
      arguments: 0bbfd5dd
      typeof: lambda
      standard_output: b84e5649
      standard_error: b193568f
      status: 0
      speed: slow
      token_arguments: fa1b15d9
      token_standard_input: f147e124
    paste: 24e518a5
    release:
      name: temporary/0/0bbfd5dd/cdb0233e/93266152
      has_standard_input: true
      standard_input: 
      arguments: 
      typeof: lambda
      standard_output: b9dff630
      standard_error: 5bd0cf55
      speed: slow
      status: 0
      token_arguments: 176fd020
      token_standard_input: eab3a19a
- name: teardown-asynch.sh
  type: link
- name: teardown-synch.sh
  type: link
- name: temporary
  type: file
  contents:
    temporary/0/0bbfd5dd/cdb0233e/93266152
