- contents: joccoaii
  name: init.arguments
  type: file
- name: init.sh
  type: link
- contents: coohcjcp
  name: init.standard-error
  type: file
- contents: jieklaog
  name: init.standard-input
  type: file
- contents: null
  name: init.standard-output
  type: file
- contents: 0
  name: init.status
  type: file
- contents: null
  name: lock.teardown
  type: file
- name: post.sh
  type: link
- name: release.sh
  type: link
- contents: ecpdalga
  name: release.standard-error
  type: file
- contents: null
  name: release.standard-output
  type: file
- contents: 0
  name: release.status
  type: file
- contents: 7c8fa9ec
  name: target
  type: file
- name: teardown-asynch.sh
  type: link
- name: teardown-synch.sh
  type: link
- contents: temporary/true/joccoaii/true/jieklaog/null/coohcjcp/bcommhgl/0/null/ecpdalga/ihlageik/0/slow
  name: temporary
  type: file
