- contents: 7793f4bc
  name: init.arguments
  type: file
- name: init.sh
  type: link
